[0m23:12:39.832326 [debug] [MainThread]: Sending event: {'category': 'dbt', 'action': 'invocation', 'label': 'start', 'context': [<snowplow_tracker.self_describing_json.SelfDescribingJson object at 0x0000020104A26510>, <snowplow_tracker.self_describing_json.SelfDescribingJson object at 0x00000201071B3ED0>, <snowplow_tracker.self_describing_json.SelfDescribingJson object at 0x00000201071B3750>]}


============================== 23:12:39.848441 | 6062c662-12e7-46e2-acd3-9d0b73b78b3f ==============================
[0m23:12:39.848441 [info ] [MainThread]: Running with dbt=1.12.0
[0m23:12:39.850658 [debug] [MainThread]: running dbt with arguments {'maximum_seed_size_mib': '1', 'no_print': 'None', 'version_check': 'True', 'target_path': 'None', 'warn_error_options': 'WarnErrorOptionsV2(error=[], warn=[], silence=[])', 'static_parser': 'True', 'printer_width': '80', 'write_json': 'True', 'introspect': 'True', 'log_cache_events': 'False', 'empty': 'None', 'cache_selected_only': 'False', 'fail_fast': 'False', 'debug': 'False', 'log_format': 'default', 'partial_parse': 'True', 'send_anonymous_usage_stats': 'True', 'quiet': 'False', 'warn_error': 'None', 'profiles_dir': 'C:\\Users\\ecaci\\.dbt', 'use_colors': 'True', 'hints_enabled': 'True', 'invocation_command': 'dbt debug', 'use_experimental_parser': 'False', 'indirect_selection': 'eager', 'log_path': 'logs'}
[0m23:12:39.979956 [info ] [MainThread]: dbt version: 1.12.0
[0m23:12:39.980643 [info ] [MainThread]: python version: 3.13.2
[0m23:12:39.981103 [info ] [MainThread]: python path: C:\Users\ecaci\OneDrive\Documentos\Sistemas de Informação UFSC\data-analyst-pipeline\.venv\Scripts\python.exe
[0m23:12:39.981560 [info ] [MainThread]: os info: Windows-11-10.0.26200-SP0
[0m23:12:53.790713 [debug] [MainThread]: Spark adapter: Setting pyhive.hive logging to ERROR
[0m23:12:53.792752 [debug] [MainThread]: Spark adapter: Setting thrift.transport logging to ERROR
[0m23:12:53.793460 [debug] [MainThread]: Spark adapter: Setting thrift.protocol logging to ERROR
[0m23:13:03.137319 [info ] [MainThread]: Using profiles dir at C:\Users\ecaci\.dbt
[0m23:13:03.138650 [info ] [MainThread]: Using profiles.yml file at C:\Users\ecaci\.dbt\profiles.yml
[0m23:13:03.139259 [info ] [MainThread]: Using dbt_project.yml file at C:\Users\ecaci\OneDrive\Documentos\Sistemas de Informação UFSC\data-analyst-pipeline\dbt_project.yml
[0m23:13:03.139891 [info ] [MainThread]: adapter type: databricks
[0m23:13:03.140435 [info ] [MainThread]: adapter version: 1.12.4
[0m23:13:03.141090 [info ] [MainThread]: Configuration:
[0m23:13:03.141573 [info ] [MainThread]:   profiles.yml file [[32mOK found and valid[0m]
[0m23:13:03.142019 [info ] [MainThread]:   dbt_project.yml file [[31mERROR not found[0m]
[0m23:13:03.143433 [info ] [MainThread]: Required dependencies:
[0m23:13:03.145655 [debug] [MainThread]: Executing "git --help"
[0m23:13:03.259014 [debug] [MainThread]: STDOUT: "b"usage: git [-v | --version] [-h | --help] [-C <path>] [-c <name>=<value>]\n           [--exec-path[=<path>]] [--html-path] [--man-path] [--info-path]\n           [-p | --paginate | -P | --no-pager] [--no-replace-objects] [--no-lazy-fetch]\n           [--no-optional-locks] [--no-advice] [--bare] [--git-dir=<path>]\n           [--work-tree=<path>] [--namespace=<name>] [--config-env=<name>=<envvar>]\n           <command> [<args>]\n\nThese are common Git commands used in various situations:\n\nstart a working area (see also: git help tutorial)\n   clone      Clone a repository into a new directory\n   init       Create an empty Git repository or reinitialize an existing one\n\nwork on the current change (see also: git help everyday)\n   add        Add file contents to the index\n   mv         Move or rename a file, a directory, or a symlink\n   restore    Restore working tree files\n   rm         Remove files from the working tree and from the index\n\nexamine the history and state (see also: git help revisions)\n   bisect     Use binary search to find the commit that introduced a bug\n   diff       Show changes between commits, commit and working tree, etc\n   grep       Print lines matching a pattern\n   log        Show commit logs\n   show       Show various types of objects\n   status     Show the working tree status\n\ngrow, mark and tweak your common history\n   backfill   Download missing objects in a partial clone\n   branch     List, create, or delete branches\n   commit     Record changes to the repository\n   merge      Join two or more development histories together\n   rebase     Reapply commits on top of another base tip\n   reset      Reset current HEAD to the specified state\n   switch     Switch branches\n   tag        Create, list, delete or verify a tag object signed with GPG\n\ncollaborate (see also: git help workflows)\n   fetch      Download objects and refs from another repository\n   pull       Fetch from and integrate with another repository or a local branch\n   push       Update remote refs along with associated objects\n\n'git help -a' and 'git help -g' list available subcommands and some\nconcept guides. See 'git help <command>' or 'git help <concept>'\nto read about a specific subcommand or concept.\nSee 'git help git' for an overview of the system.\n""
[0m23:13:03.260229 [debug] [MainThread]: STDERR: "b''"
[0m23:13:03.261727 [info ] [MainThread]:  - git [[32mOK found[0m]

[0m23:13:03.263254 [info ] [MainThread]: Connection:
[0m23:13:03.264544 [info ] [MainThread]:   host: dbc-975596e2-9fdc.cloud.databricks.com
[0m23:13:03.265546 [info ] [MainThread]:   http_path: /sql/1.0/warehouses/0d999b9127e97059
[0m23:13:03.266769 [info ] [MainThread]:   catalog: workspace
[0m23:13:03.268295 [info ] [MainThread]:   schema: dev_eduardo
[0m23:13:03.271441 [info ] [MainThread]: Registered adapter: databricks=1.12.4
[0m23:13:05.275696 [debug] [MainThread]: Databricks adapter: DatabricksDBTConnection(session-id=None, name=debug) - Creating connection
[0m23:13:05.276367 [debug] [MainThread]: Acquiring new databricks connection 'debug'
[0m23:13:06.779419 [info ] [MainThread]: Databricks adapter:   SPOG host (host_type='workspace'): no
[0m23:13:06.780567 [info ] [MainThread]: Databricks adapter:   workspace_id (from ?o= in http_path): None
[0m23:13:06.781333 [info ] [MainThread]: Databricks adapter:   databricks-sql-connector version: 4.4.0 (supported)
[0m23:13:06.782025 [info ] [MainThread]: Databricks adapter:   databricks-sdk version: 0.117.0 (supported)
[0m23:13:06.782791 [debug] [MainThread]: Using databricks connection "debug"
[0m23:13:06.783172 [debug] [MainThread]: On debug: select 1 as id
[0m23:13:06.783398 [debug] [MainThread]: Opening a new connection, currently in state init
[0m23:13:10.441980 [debug] [MainThread]: Databricks adapter: Connection(session-id=01f19d05-db00-1758-be1e-dd3c5346b5a8) - Created
[0m23:13:14.413567 [debug] [MainThread]: SQL status: OK in 7.630 seconds
[0m23:13:14.417104 [debug] [MainThread]: Databricks adapter: Cursor(session-id=01f19d05-db00-1758-be1e-dd3c5346b5a8, command-id=01f19d05-dbbd-173f-b2d1-ac497ffae090) - Closing
[0m23:13:14.757175 [debug] [MainThread]: On debug: Close
[0m23:13:14.758396 [debug] [MainThread]: Databricks adapter: Connection(session-id=01f19d05-db00-1758-be1e-dd3c5346b5a8) - Closing
[0m23:13:15.057802 [info ] [MainThread]:   Connection test: [[32mOK connection ok[0m]

[0m23:13:15.059498 [info ] [MainThread]: [31m1 check failed:[0m
[0m23:13:15.060684 [info ] [MainThread]: Project loading failed for the following reason:
 project path <C:\Users\ecaci\OneDrive\Documentos\Sistemas de Informação UFSC\data-analyst-pipeline\dbt_project.yml> not found

[0m23:13:15.063605 [debug] [MainThread]: Command `dbt debug` failed at 23:13:15.062958 after 35.66 seconds
[0m23:13:15.064845 [debug] [MainThread]: Sending event: {'category': 'dbt', 'action': 'invocation', 'label': 'end', 'context': [<snowplow_tracker.self_describing_json.SelfDescribingJson object at 0x0000020122DB9480>, <snowplow_tracker.self_describing_json.SelfDescribingJson object at 0x0000020122DE4B90>, <snowplow_tracker.self_describing_json.SelfDescribingJson object at 0x0000020122D43AC0>]}
[0m23:13:15.066268 [debug] [MainThread]: Flushing usage events
[0m23:13:16.473208 [debug] [MainThread]: An error was encountered while trying to flush usage events
